<testsuites id="" name="" tests="15" failures="4" skipped="0" errors="0" time="70.861977">
<testsuite name="accessibility/a11y.spec.ts" timestamp="2025-08-28T10:19:46.654Z" hostname="chromium" tests="14" failures="4" skipped="0" time="57.619" errors="0">
<testcase name="Accessibility Tests › should have proper heading hierarchy" classname="accessibility/a11y.spec.ts" time="1.906">
</testcase>
<testcase name="Accessibility Tests › should have proper alt text for images" classname="accessibility/a11y.spec.ts" time="1.69">
</testcase>
<testcase name="Accessibility Tests › should have proper form labels" classname="accessibility/a11y.spec.ts" time="1.692">
</testcase>
<testcase name="Accessibility Tests › should have sufficient color contrast" classname="accessibility/a11y.spec.ts" time="10.408">
<failure message="a11y.spec.ts:61:3 should have sufficient color contrast" type="FAILURE">
<![CDATA[  [chromium] › accessibility/a11y.spec.ts:61:3 › Accessibility Tests › should have sufficient color contrast 

    Error: expect(received).toHaveLength(expected)

    Expected length: 0
    Received length: 1
    Received array:  [{"description": "Ensure the contrast between foreground and background colors meets WCAG 2 AA minimum contrast ratio thresholds", "help": "Elements must meet minimum color contrast ratio thresholds", "helpUrl": "https://dequeuniversity.com/rules/axe/4.10/color-contrast?application=axeAPI", "id": "color-contrast", "impact": "serious", "nodes": [{"all": [], "any": [{"data": {"bgColor": "#f8f9fa", "contrastRatio": 1.67, "expectedContrastRatio": "4.5:1", "fgColor": "#c1c3c7", "fontSize": "10.5pt (14px)", "fontWeight": "normal", "messageKey": null, "shadowColor": undefined}, "id": "color-contrast", "impact": "serious", "message": "Element has insufficient color contrast of 1.67 (foreground color: #c1c3c7, background color: #f8f9fa, font size: 10.5pt (14px), font weight: normal). Expected contrast ratio of 4.5:1", "relatedNodes": [{"html": "<span data-slot=\"badge\" class=\"inline-flex items-center justify-center rounded-md border font-medium w-fit whitespace-nowrap shrink-0 [&amp;&gt;svg]:size-3 gap-1 [&amp;&gt;svg]:pointer-events-none focus-visible:border-ring focus-visible:ring-ring/50 focus-visible:ring-[3px] aria-invalid:ring-destructive/20 dark:aria-invalid:ring-destructive/40 aria-invalid:border-destructive transition-[color,box-shadow] overflow-hidden border-transparent bg-secondary text-secondary-foreground [a&amp;]:hover:bg-secondary/90 mb-6 text-sm px-4 py-1\">", "target": [".\\[a\\&\\]\\:hover\\:bg-secondary\\/90"]}]}], "failureSummary": "Fix any of the following:
      Element has insufficient color contrast of 1.67 (foreground color: #c1c3c7, background color: #f8f9fa, font size: 10.5pt (14px), font weight: normal). Expected contrast ratio of 4.5:1", "html": "<span data-slot=\"badge\" class=\"inline-flex items-center justify-center rounded-md border font-medium w-fit whitespace-nowrap shrink-0 [&amp;&gt;svg]:size-3 gap-1 [&amp;&gt;svg]:pointer-events-none focus-visible:border-ring focus-visible:ring-ring/50 focus-visible:ring-[3px] aria-invalid:ring-destructive/20 dark:aria-invalid:ring-destructive/40 aria-invalid:border-destructive transition-[color,box-shadow] overflow-hidden border-transparent bg-secondary text-secondary-foreground [a&amp;]:hover:bg-secondary/90 mb-6 text-sm px-4 py-1\">", "impact": "serious", "none": [], "target": [".\\[a\\&\\]\\:hover\\:bg-secondary\\/90"]}, {"all": [], "any": [{"data": {"bgColor": "#c4d1f5", "contrastRatio": 1.52, "expectedContrastRatio": "4.5:1", "fgColor": "#ffffff", "fontSize": "13.5pt (18px)", "fontWeight": "normal", "messageKey": null, "shadowColor": undefined}, "id": "color-contrast", "impact": "serious", "message": "Element has insufficient color contrast of 1.52 (foreground color: #ffffff, background color: #c4d1f5, font size: 13.5pt (18px), font weight: normal). Expected contrast ratio of 4.5:1", "relatedNodes": [{"html": "<button data-slot=\"button\" class=\"inline-flex items-center justify-center gap-2 whitespace-nowrap font-medium transition-all disabled:pointer-events-none disabled:opacity-50 [&amp;_svg]:pointer-events-none [&amp;_svg:not([class*='size-'])]:size-4 shrink-0 [&amp;_svg]:shrink-0 outline-none focus-visible:border-ring focus-visible:ring-ring/50 focus-visible:ring-[3px] aria-invalid:ring-destructive/20 dark:aria-invalid:ring-destructive/40 aria-invalid:border-destructive bg-primary text-primary-foreground shadow-xs hover:bg-primary/90 h-10 rounded-md has-[&gt;svg]:px-4 text-lg px-8 py-4 focus-enhanced\">", "target": [".bg-primary.hover\\:bg-primary\\/90.h-10"]}]}], "failureSummary": "Fix any of the following:
      Element has insufficient color contrast of 1.52 (foreground color: #ffffff, background color: #c4d1f5, font size: 13.5pt (18px), font weight: normal). Expected contrast ratio of 4.5:1", "html": "<button data-slot=\"button\" class=\"inline-flex items-center justify-center gap-2 whitespace-nowrap font-medium transition-all disabled:pointer-events-none disabled:opacity-50 [&amp;_svg]:pointer-events-none [&amp;_svg:not([class*='size-'])]:size-4 shrink-0 [&amp;_svg]:shrink-0 outline-none focus-visible:border-ring focus-visible:ring-ring/50 focus-visible:ring-[3px] aria-invalid:ring-destructive/20 dark:aria-invalid:ring-destructive/40 aria-invalid:border-destructive bg-primary text-primary-foreground shadow-xs hover:bg-primary/90 h-10 rounded-md has-[&gt;svg]:px-4 text-lg px-8 py-4 focus-enhanced\">", "impact": "serious", "none": [], "target": [".bg-primary.hover\\:bg-primary\\/90.h-10"]}, {"all": [], "any": [{"data": {"bgColor": "#ffffff", "contrastRatio": 1.71, "expectedContrastRatio": "4.5:1", "fgColor": "#c5c6c7", "fontSize": "13.5pt (18px)", "fontWeight": "normal", "messageKey": null, "shadowColor": undefined}, "id": "color-contrast", "impact": "serious", "message": "Element has insufficient color contrast of 1.71 (foreground color: #c5c6c7, background color: #ffffff, font size: 13.5pt (18px), font weight: normal). Expected contrast ratio of 4.5:1", "relatedNodes": [{"html": "<button data-slot=\"button\" class=\"inline-flex items-center justify-center gap-2 whitespace-nowrap font-medium transition-all disabled:pointer-events-none disabled:opacity-50 [&amp;_svg]:pointer-events-none [&amp;_svg:not([class*='size-'])]:size-4 shrink-0 [&amp;_svg]:shrink-0 outline-none focus-visible:border-ring focus-visible:ring-ring/50 focus-visible:ring-[3px] aria-invalid:ring-destructive/20 dark:aria-invalid:ring-destructive/40 aria-invalid:border-destructive border bg-background shadow-xs hover:bg-accent hover:text-accent-foreground dark:bg-input/30 dark:border-input dark:hover:bg-input/50 h-10 rounded-md has-[&gt;svg]:px-4 text-lg px-8 py-4 focus-enhanced\">", "target": [".h-10.has-\\[\\>svg\\]\\:px-4.text-lg:nth-child(2)"]}]}], "failureSummary": "Fix any of the following:
      Element has insufficient color contrast of 1.71 (foreground color: #c5c6c7, background color: #ffffff, font size: 13.5pt (18px), font weight: normal). Expected contrast ratio of 4.5:1", "html": "<button data-slot=\"button\" class=\"inline-flex items-center justify-center gap-2 whitespace-nowrap font-medium transition-all disabled:pointer-events-none disabled:opacity-50 [&amp;_svg]:pointer-events-none [&amp;_svg:not([class*='size-'])]:size-4 shrink-0 [&amp;_svg]:shrink-0 outline-none focus-visible:border-ring focus-visible:ring-ring/50 focus-visible:ring-[3px] aria-invalid:ring-destructive/20 dark:aria-invalid:ring-destructive/40 aria-invalid:border-destructive border bg-background shadow-xs hover:bg-accent hover:text-accent-foreground dark:bg-input/30 dark:border-input dark:hover:bg-input/50 h-10 rounded-md has-[&gt;svg]:px-4 text-lg px-8 py-4 focus-enhanced\">", "impact": "serious", "none": [], "target": [".h-10.has-\\[\\>svg\\]\\:px-4.text-lg:nth-child(2)"]}], "tags": ["cat.color", "wcag2aa", "wcag143", "TTv5", "TT13.c", "EN-301-549", "EN-9.1.4.3", "ACT"]}]

      82 |
      83 |     // @ts-expect-error - axe-core types
    > 84 |     expect(results.violations).toHaveLength(0);
         |                                ^
      85 |   });
      86 |
      87 |   test('should be keyboard navigable', async ({ page }) => {
        at /home/runner/work/Teach-Educa/Teach-Educa/tests/accessibility/a11y.spec.ts:84:32

    attachment #1: screenshot (image/png) ──────────────────────────────────────────────────────────
    ../test-results/accessibility-a11y-Accessi-7d47d-e-sufficient-color-contrast-chromium/test-failed-1.png
    ────────────────────────────────────────────────────────────────────────────────────────────────

    Error Context: ../test-results/accessibility-a11y-Accessi-7d47d-e-sufficient-color-contrast-chromium/error-context.md

    Retry #1 ───────────────────────────────────────────────────────────────────────────────────────

    Error: expect(received).toHaveLength(expected)

    Expected length: 0
    Received length: 1
    Received array:  [{"description": "Ensure the contrast between foreground and background colors meets WCAG 2 AA minimum contrast ratio thresholds", "help": "Elements must meet minimum color contrast ratio thresholds", "helpUrl": "https://dequeuniversity.com/rules/axe/4.10/color-contrast?application=axeAPI", "id": "color-contrast", "impact": "serious", "nodes": [{"all": [], "any": [{"data": {"bgColor": "#f7f8f9", "contrastRatio": 1.8, "expectedContrastRatio": "4.5:1", "fgColor": "#b9bbc0", "fontSize": "10.5pt (14px)", "fontWeight": "normal", "messageKey": null, "shadowColor": undefined}, "id": "color-contrast", "impact": "serious", "message": "Element has insufficient color contrast of 1.8 (foreground color: #b9bbc0, background color: #f7f8f9, font size: 10.5pt (14px), font weight: normal). Expected contrast ratio of 4.5:1", "relatedNodes": [{"html": "<span data-slot=\"badge\" class=\"inline-flex items-center justify-center rounded-md border font-medium w-fit whitespace-nowrap shrink-0 [&amp;&gt;svg]:size-3 gap-1 [&amp;&gt;svg]:pointer-events-none focus-visible:border-ring focus-visible:ring-ring/50 focus-visible:ring-[3px] aria-invalid:ring-destructive/20 dark:aria-invalid:ring-destructive/40 aria-invalid:border-destructive transition-[color,box-shadow] overflow-hidden border-transparent bg-secondary text-secondary-foreground [a&amp;]:hover:bg-secondary/90 mb-6 text-sm px-4 py-1\">", "target": [".\\[a\\&\\]\\:hover\\:bg-secondary\\/90"]}]}], "failureSummary": "Fix any of the following:
      Element has insufficient color contrast of 1.8 (foreground color: #b9bbc0, background color: #f7f8f9, font size: 10.5pt (14px), font weight: normal). Expected contrast ratio of 4.5:1", "html": "<span data-slot=\"badge\" class=\"inline-flex items-center justify-center rounded-md border font-medium w-fit whitespace-nowrap shrink-0 [&amp;&gt;svg]:size-3 gap-1 [&amp;&gt;svg]:pointer-events-none focus-visible:border-ring focus-visible:ring-ring/50 focus-visible:ring-[3px] aria-invalid:ring-destructive/20 dark:aria-invalid:ring-destructive/40 aria-invalid:border-destructive transition-[color,box-shadow] overflow-hidden border-transparent bg-secondary text-secondary-foreground [a&amp;]:hover:bg-secondary/90 mb-6 text-sm px-4 py-1\">", "impact": "serious", "none": [], "target": [".\\[a\\&\\]\\:hover\\:bg-secondary\\/90"]}, {"all": [], "any": [{"data": {"bgColor": "#bdcbf4", "contrastRatio": 1.61, "expectedContrastRatio": "4.5:1", "fgColor": "#ffffff", "fontSize": "13.5pt (18px)", "fontWeight": "normal", "messageKey": null, "shadowColor": undefined}, "id": "color-contrast", "impact": "serious", "message": "Element has insufficient color contrast of 1.61 (foreground color: #ffffff, background color: #bdcbf4, font size: 13.5pt (18px), font weight: normal). Expected contrast ratio of 4.5:1", "relatedNodes": [{"html": "<button data-slot=\"button\" class=\"inline-flex items-center justify-center gap-2 whitespace-nowrap font-medium transition-all disabled:pointer-events-none disabled:opacity-50 [&amp;_svg]:pointer-events-none [&amp;_svg:not([class*='size-'])]:size-4 shrink-0 [&amp;_svg]:shrink-0 outline-none focus-visible:border-ring focus-visible:ring-ring/50 focus-visible:ring-[3px] aria-invalid:ring-destructive/20 dark:aria-invalid:ring-destructive/40 aria-invalid:border-destructive bg-primary text-primary-foreground shadow-xs hover:bg-primary/90 h-10 rounded-md has-[&gt;svg]:px-4 text-lg px-8 py-4 focus-enhanced\">", "target": [".bg-primary.hover\\:bg-primary\\/90.h-10"]}]}], "failureSummary": "Fix any of the following:
      Element has insufficient color contrast of 1.61 (foreground color: #ffffff, background color: #bdcbf4, font size: 13.5pt (18px), font weight: normal). Expected contrast ratio of 4.5:1", "html": "<button data-slot=\"button\" class=\"inline-flex items-center justify-center gap-2 whitespace-nowrap font-medium transition-all disabled:pointer-events-none disabled:opacity-50 [&amp;_svg]:pointer-events-none [&amp;_svg:not([class*='size-'])]:size-4 shrink-0 [&amp;_svg]:shrink-0 outline-none focus-visible:border-ring focus-visible:ring-ring/50 focus-visible:ring-[3px] aria-invalid:ring-destructive/20 dark:aria-invalid:ring-destructive/40 aria-invalid:border-destructive bg-primary text-primary-foreground shadow-xs hover:bg-primary/90 h-10 rounded-md has-[&gt;svg]:px-4 text-lg px-8 py-4 focus-enhanced\">", "impact": "serious", "none": [], "target": [".bg-primary.hover\\:bg-primary\\/90.h-10"]}, {"all": [], "any": [{"data": {"bgColor": "#ffffff", "contrastRatio": 1.86, "expectedContrastRatio": "4.5:1", "fgColor": "#bdbec0", "fontSize": "13.5pt (18px)", "fontWeight": "normal", "messageKey": null, "shadowColor": undefined}, "id": "color-contrast", "impact": "serious", "message": "Element has insufficient color contrast of 1.86 (foreground color: #bdbec0, background color: #ffffff, font size: 13.5pt (18px), font weight: normal). Expected contrast ratio of 4.5:1", "relatedNodes": [{"html": "<button data-slot=\"button\" class=\"inline-flex items-center justify-center gap-2 whitespace-nowrap font-medium transition-all disabled:pointer-events-none disabled:opacity-50 [&amp;_svg]:pointer-events-none [&amp;_svg:not([class*='size-'])]:size-4 shrink-0 [&amp;_svg]:shrink-0 outline-none focus-visible:border-ring focus-visible:ring-ring/50 focus-visible:ring-[3px] aria-invalid:ring-destructive/20 dark:aria-invalid:ring-destructive/40 aria-invalid:border-destructive border bg-background shadow-xs hover:bg-accent hover:text-accent-foreground dark:bg-input/30 dark:border-input dark:hover:bg-input/50 h-10 rounded-md has-[&gt;svg]:px-4 text-lg px-8 py-4 focus-enhanced\">", "target": [".h-10.has-\\[\\>svg\\]\\:px-4.text-lg:nth-child(2)"]}]}], "failureSummary": "Fix any of the following:
      Element has insufficient color contrast of 1.86 (foreground color: #bdbec0, background color: #ffffff, font size: 13.5pt (18px), font weight: normal). Expected contrast ratio of 4.5:1", "html": "<button data-slot=\"button\" class=\"inline-flex items-center justify-center gap-2 whitespace-nowrap font-medium transition-all disabled:pointer-events-none disabled:opacity-50 [&amp;_svg]:pointer-events-none [&amp;_svg:not([class*='size-'])]:size-4 shrink-0 [&amp;_svg]:shrink-0 outline-none focus-visible:border-ring focus-visible:ring-ring/50 focus-visible:ring-[3px] aria-invalid:ring-destructive/20 dark:aria-invalid:ring-destructive/40 aria-invalid:border-destructive border bg-background shadow-xs hover:bg-accent hover:text-accent-foreground dark:bg-input/30 dark:border-input dark:hover:bg-input/50 h-10 rounded-md has-[&gt;svg]:px-4 text-lg px-8 py-4 focus-enhanced\">", "impact": "serious", "none": [], "target": [".h-10.has-\\[\\>svg\\]\\:px-4.text-lg:nth-child(2)"]}], "tags": ["cat.color", "wcag2aa", "wcag143", "TTv5", "TT13.c", "EN-301-549", "EN-9.1.4.3", "ACT"]}]

      82 |
      83 |     // @ts-expect-error - axe-core types
    > 84 |     expect(results.violations).toHaveLength(0);
         |                                ^
      85 |   });
      86 |
      87 |   test('should be keyboard navigable', async ({ page }) => {
        at /home/runner/work/Teach-Educa/Teach-Educa/tests/accessibility/a11y.spec.ts:84:32

    attachment #1: screenshot (image/png) ──────────────────────────────────────────────────────────
    ../test-results/accessibility-a11y-Accessi-7d47d-e-sufficient-color-contrast-chromium-retry1/test-failed-1.png
    ────────────────────────────────────────────────────────────────────────────────────────────────

    Error Context: ../test-results/accessibility-a11y-Accessi-7d47d-e-sufficient-color-contrast-chromium-retry1/error-context.md

    Retry #2 ───────────────────────────────────────────────────────────────────────────────────────

    Error: expect(received).toHaveLength(expected)

    Expected length: 0
    Received length: 1
    Received array:  [{"description": "Ensure the contrast between foreground and background colors meets WCAG 2 AA minimum contrast ratio thresholds", "help": "Elements must meet minimum color contrast ratio thresholds", "helpUrl": "https://dequeuniversity.com/rules/axe/4.10/color-contrast?application=axeAPI", "id": "color-contrast", "impact": "serious", "nodes": [{"all": [], "any": [{"data": {"bgColor": "#f8f9fa", "contrastRatio": 1.65, "expectedContrastRatio": "4.5:1", "fgColor": "#c3c4c8", "fontSize": "10.5pt (14px)", "fontWeight": "normal", "messageKey": null, "shadowColor": undefined}, "id": "color-contrast", "impact": "serious", "message": "Element has insufficient color contrast of 1.65 (foreground color: #c3c4c8, background color: #f8f9fa, font size: 10.5pt (14px), font weight: normal). Expected contrast ratio of 4.5:1", "relatedNodes": [{"html": "<span data-slot=\"badge\" class=\"inline-flex items-center justify-center rounded-md border font-medium w-fit whitespace-nowrap shrink-0 [&amp;&gt;svg]:size-3 gap-1 [&amp;&gt;svg]:pointer-events-none focus-visible:border-ring focus-visible:ring-ring/50 focus-visible:ring-[3px] aria-invalid:ring-destructive/20 dark:aria-invalid:ring-destructive/40 aria-invalid:border-destructive transition-[color,box-shadow] overflow-hidden border-transparent bg-secondary text-secondary-foreground [a&amp;]:hover:bg-secondary/90 mb-6 text-sm px-4 py-1\">", "target": [".\\[a\\&\\]\\:hover\\:bg-secondary\\/90"]}]}], "failureSummary": "Fix any of the following:
      Element has insufficient color contrast of 1.65 (foreground color: #c3c4c8, background color: #f8f9fa, font size: 10.5pt (14px), font weight: normal). Expected contrast ratio of 4.5:1", "html": "<span data-slot=\"badge\" class=\"inline-flex items-center justify-center rounded-md border font-medium w-fit whitespace-nowrap shrink-0 [&amp;&gt;svg]:size-3 gap-1 [&amp;&gt;svg]:pointer-events-none focus-visible:border-ring focus-visible:ring-ring/50 focus-visible:ring-[3px] aria-invalid:ring-destructive/20 dark:aria-invalid:ring-destructive/40 aria-invalid:border-destructive transition-[color,box-shadow] overflow-hidden border-transparent bg-secondary text-secondary-foreground [a&amp;]:hover:bg-secondary/90 mb-6 text-sm px-4 py-1\">", "impact": "serious", "none": [], "target": [".\\[a\\&\\]\\:hover\\:bg-secondary\\/90"]}, {"all": [], "any": [{"data": {"bgColor": "#c6d2f5", "contrastRatio": 1.5, "expectedContrastRatio": "4.5:1", "fgColor": "#ffffff", "fontSize": "13.5pt (18px)", "fontWeight": "normal", "messageKey": null, "shadowColor": undefined}, "id": "color-contrast", "impact": "serious", "message": "Element has insufficient color contrast of 1.5 (foreground color: #ffffff, background color: #c6d2f5, font size: 13.5pt (18px), font weight: normal). Expected contrast ratio of 4.5:1", "relatedNodes": [{"html": "<button data-slot=\"button\" class=\"inline-flex items-center justify-center gap-2 whitespace-nowrap font-medium transition-all disabled:pointer-events-none disabled:opacity-50 [&amp;_svg]:pointer-events-none [&amp;_svg:not([class*='size-'])]:size-4 shrink-0 [&amp;_svg]:shrink-0 outline-none focus-visible:border-ring focus-visible:ring-ring/50 focus-visible:ring-[3px] aria-invalid:ring-destructive/20 dark:aria-invalid:ring-destructive/40 aria-invalid:border-destructive bg-primary text-primary-foreground shadow-xs hover:bg-primary/90 h-10 rounded-md has-[&gt;svg]:px-4 text-lg px-8 py-4 focus-enhanced\">", "target": [".bg-primary.hover\\:bg-primary\\/90.h-10"]}]}], "failureSummary": "Fix any of the following:
      Element has insufficient color contrast of 1.5 (foreground color: #ffffff, background color: #c6d2f5, font size: 13.5pt (18px), font weight: normal). Expected contrast ratio of 4.5:1", "html": "<button data-slot=\"button\" class=\"inline-flex items-center justify-center gap-2 whitespace-nowrap font-medium transition-all disabled:pointer-events-none disabled:opacity-50 [&amp;_svg]:pointer-events-none [&amp;_svg:not([class*='size-'])]:size-4 shrink-0 [&amp;_svg]:shrink-0 outline-none focus-visible:border-ring focus-visible:ring-ring/50 focus-visible:ring-[3px] aria-invalid:ring-destructive/20 dark:aria-invalid:ring-destructive/40 aria-invalid:border-destructive bg-primary text-primary-foreground shadow-xs hover:bg-primary/90 h-10 rounded-md has-[&gt;svg]:px-4 text-lg px-8 py-4 focus-enhanced\">", "impact": "serious", "none": [], "target": [".bg-primary.hover\\:bg-primary\\/90.h-10"]}, {"all": [], "any": [{"data": {"bgColor": "#ffffff", "contrastRatio": 1.69, "expectedContrastRatio": "4.5:1", "fgColor": "#c6c7c9", "fontSize": "13.5pt (18px)", "fontWeight": "normal", "messageKey": null, "shadowColor": undefined}, "id": "color-contrast", "impact": "serious", "message": "Element has insufficient color contrast of 1.69 (foreground color: #c6c7c9, background color: #ffffff, font size: 13.5pt (18px), font weight: normal). Expected contrast ratio of 4.5:1", "relatedNodes": [{"html": "<button data-slot=\"button\" class=\"inline-flex items-center justify-center gap-2 whitespace-nowrap font-medium transition-all disabled:pointer-events-none disabled:opacity-50 [&amp;_svg]:pointer-events-none [&amp;_svg:not([class*='size-'])]:size-4 shrink-0 [&amp;_svg]:shrink-0 outline-none focus-visible:border-ring focus-visible:ring-ring/50 focus-visible:ring-[3px] aria-invalid:ring-destructive/20 dark:aria-invalid:ring-destructive/40 aria-invalid:border-destructive border bg-background shadow-xs hover:bg-accent hover:text-accent-foreground dark:bg-input/30 dark:border-input dark:hover:bg-input/50 h-10 rounded-md has-[&gt;svg]:px-4 text-lg px-8 py-4 focus-enhanced\">", "target": [".h-10.has-\\[\\>svg\\]\\:px-4.text-lg:nth-child(2)"]}]}], "failureSummary": "Fix any of the following:
      Element has insufficient color contrast of 1.69 (foreground color: #c6c7c9, background color: #ffffff, font size: 13.5pt (18px), font weight: normal). Expected contrast ratio of 4.5:1", "html": "<button data-slot=\"button\" class=\"inline-flex items-center justify-center gap-2 whitespace-nowrap font-medium transition-all disabled:pointer-events-none disabled:opacity-50 [&amp;_svg]:pointer-events-none [&amp;_svg:not([class*='size-'])]:size-4 shrink-0 [&amp;_svg]:shrink-0 outline-none focus-visible:border-ring focus-visible:ring-ring/50 focus-visible:ring-[3px] aria-invalid:ring-destructive/20 dark:aria-invalid:ring-destructive/40 aria-invalid:border-destructive border bg-background shadow-xs hover:bg-accent hover:text-accent-foreground dark:bg-input/30 dark:border-input dark:hover:bg-input/50 h-10 rounded-md has-[&gt;svg]:px-4 text-lg px-8 py-4 focus-enhanced\">", "impact": "serious", "none": [], "target": [".h-10.has-\\[\\>svg\\]\\:px-4.text-lg:nth-child(2)"]}], "tags": ["cat.color", "wcag2aa", "wcag143", "TTv5", "TT13.c", "EN-301-549", "EN-9.1.4.3", "ACT"]}]

      82 |
      83 |     // @ts-expect-error - axe-core types
    > 84 |     expect(results.violations).toHaveLength(0);
         |                                ^
      85 |   });
      86 |
      87 |   test('should be keyboard navigable', async ({ page }) => {
        at /home/runner/work/Teach-Educa/Teach-Educa/tests/accessibility/a11y.spec.ts:84:32

    attachment #1: screenshot (image/png) ──────────────────────────────────────────────────────────
    ../test-results/accessibility-a11y-Accessi-7d47d-e-sufficient-color-contrast-chromium-retry2/test-failed-1.png
    ────────────────────────────────────────────────────────────────────────────────────────────────

    Error Context: ../test-results/accessibility-a11y-Accessi-7d47d-e-sufficient-color-contrast-chromium-retry2/error-context.md
]]>
</failure>
<system-out>
<![CDATA[
[[ATTACHMENT|test-results/accessibility-a11y-Accessi-7d47d-e-sufficient-color-contrast-chromium/test-failed-1.png]]

[[ATTACHMENT|test-results/accessibility-a11y-Accessi-7d47d-e-sufficient-color-contrast-chromium/error-context.md]]

[[ATTACHMENT|test-results/accessibility-a11y-Accessi-7d47d-e-sufficient-color-contrast-chromium-retry1/test-failed-1.png]]

[[ATTACHMENT|test-results/accessibility-a11y-Accessi-7d47d-e-sufficient-color-contrast-chromium-retry1/error-context.md]]

[[ATTACHMENT|test-results/accessibility-a11y-Accessi-7d47d-e-sufficient-color-contrast-chromium-retry2/test-failed-1.png]]

[[ATTACHMENT|test-results/accessibility-a11y-Accessi-7d47d-e-sufficient-color-contrast-chromium-retry2/error-context.md]]
]]>
</system-out>
</testcase>
<testcase name="Accessibility Tests › should be keyboard navigable" classname="accessibility/a11y.spec.ts" time="2.57">
</testcase>
<testcase name="Accessibility Tests › should support screen readers with ARIA attributes" classname="accessibility/a11y.spec.ts" time="9.139">
<failure message="a11y.spec.ts:112:3 should support screen readers with ARIA attributes" type="FAILURE">
<![CDATA[  [chromium] › accessibility/a11y.spec.ts:112:3 › Accessibility Tests › should support screen readers with ARIA attributes 

    Error: expect(received).toBeTruthy()

    Received: false

      147 |           'tab', 'tablist', 'tabpanel', 'menu', 'menubar', 'menuitem'
      148 |         ];
    > 149 |         expect(validRoles.includes(role)).toBeTruthy();
          |                                           ^
      150 |       }
      151 |     }
      152 |   });
        at /home/runner/work/Teach-Educa/Teach-Educa/tests/accessibility/a11y.spec.ts:149:43

    attachment #1: screenshot (image/png) ──────────────────────────────────────────────────────────
    ../test-results/accessibility-a11y-Accessi-ed532-eaders-with-ARIA-attributes-chromium/test-failed-1.png
    ────────────────────────────────────────────────────────────────────────────────────────────────

    Error Context: ../test-results/accessibility-a11y-Accessi-ed532-eaders-with-ARIA-attributes-chromium/error-context.md

    Retry #1 ───────────────────────────────────────────────────────────────────────────────────────

    Error: expect(received).toBeTruthy()

    Received: false

      147 |           'tab', 'tablist', 'tabpanel', 'menu', 'menubar', 'menuitem'
      148 |         ];
    > 149 |         expect(validRoles.includes(role)).toBeTruthy();
          |                                           ^
      150 |       }
      151 |     }
      152 |   });
        at /home/runner/work/Teach-Educa/Teach-Educa/tests/accessibility/a11y.spec.ts:149:43

    attachment #1: screenshot (image/png) ──────────────────────────────────────────────────────────
    ../test-results/accessibility-a11y-Accessi-ed532-eaders-with-ARIA-attributes-chromium-retry1/test-failed-1.png
    ────────────────────────────────────────────────────────────────────────────────────────────────

    Error Context: ../test-results/accessibility-a11y-Accessi-ed532-eaders-with-ARIA-attributes-chromium-retry1/error-context.md

    Retry #2 ───────────────────────────────────────────────────────────────────────────────────────

    Error: expect(received).toBeTruthy()

    Received: false

      147 |           'tab', 'tablist', 'tabpanel', 'menu', 'menubar', 'menuitem'
      148 |         ];
    > 149 |         expect(validRoles.includes(role)).toBeTruthy();
          |                                           ^
      150 |       }
      151 |     }
      152 |   });
        at /home/runner/work/Teach-Educa/Teach-Educa/tests/accessibility/a11y.spec.ts:149:43

    attachment #1: screenshot (image/png) ──────────────────────────────────────────────────────────
    ../test-results/accessibility-a11y-Accessi-ed532-eaders-with-ARIA-attributes-chromium-retry2/test-failed-1.png
    ────────────────────────────────────────────────────────────────────────────────────────────────

    Error Context: ../test-results/accessibility-a11y-Accessi-ed532-eaders-with-ARIA-attributes-chromium-retry2/error-context.md
]]>
</failure>
<system-out>
<![CDATA[
[[ATTACHMENT|test-results/accessibility-a11y-Accessi-ed532-eaders-with-ARIA-attributes-chromium/test-failed-1.png]]

[[ATTACHMENT|test-results/accessibility-a11y-Accessi-ed532-eaders-with-ARIA-attributes-chromium/error-context.md]]

[[ATTACHMENT|test-results/accessibility-a11y-Accessi-ed532-eaders-with-ARIA-attributes-chromium-retry1/test-failed-1.png]]

[[ATTACHMENT|test-results/accessibility-a11y-Accessi-ed532-eaders-with-ARIA-attributes-chromium-retry1/error-context.md]]

[[ATTACHMENT|test-results/accessibility-a11y-Accessi-ed532-eaders-with-ARIA-attributes-chromium-retry2/test-failed-1.png]]

[[ATTACHMENT|test-results/accessibility-a11y-Accessi-ed532-eaders-with-ARIA-attributes-chromium-retry2/error-context.md]]
]]>
</system-out>
</testcase>
<testcase name="Accessibility Tests › should have proper focus indicators" classname="accessibility/a11y.spec.ts" time="2.479">
</testcase>
<testcase name="Accessibility Tests › should have proper language attributes" classname="accessibility/a11y.spec.ts" time="1.703">
</testcase>
<testcase name="Accessibility Tests › should have meaningful page title" classname="accessibility/a11y.spec.ts" time="1.735">
</testcase>
<testcase name="Accessibility Tests › should handle high contrast mode" classname="accessibility/a11y.spec.ts" time="2.031">
</testcase>
<testcase name="Accessibility Tests › should support reduced motion preferences" classname="accessibility/a11y.spec.ts" time="8.663">
<failure message="a11y.spec.ts:235:3 should support reduced motion preferences" type="FAILURE">
<![CDATA[  [chromium] › accessibility/a11y.spec.ts:235:3 › Accessibility Tests › should support reduced motion preferences 

    Error: expect(received).toBeLessThanOrEqual(expected)

    Expected: <= 0.1
    Received:    0.2

      256 |       if (computedStyle.animationDuration !== 'none') {
      257 |         const duration = parseFloat(computedStyle.animationDuration);
    > 258 |         expect(duration).toBeLessThanOrEqual(0.1); // 100ms or less
          |                          ^
      259 |       }
      260 |     }
      261 |   });
        at /home/runner/work/Teach-Educa/Teach-Educa/tests/accessibility/a11y.spec.ts:258:26

    attachment #1: screenshot (image/png) ──────────────────────────────────────────────────────────
    ../test-results/accessibility-a11y-Accessi-10f74--reduced-motion-preferences-chromium/test-failed-1.png
    ────────────────────────────────────────────────────────────────────────────────────────────────

    Error Context: ../test-results/accessibility-a11y-Accessi-10f74--reduced-motion-preferences-chromium/error-context.md

    Retry #1 ───────────────────────────────────────────────────────────────────────────────────────

    Error: expect(received).toBeLessThanOrEqual(expected)

    Expected: <= 0.1
    Received:    0.2

      256 |       if (computedStyle.animationDuration !== 'none') {
      257 |         const duration = parseFloat(computedStyle.animationDuration);
    > 258 |         expect(duration).toBeLessThanOrEqual(0.1); // 100ms or less
          |                          ^
      259 |       }
      260 |     }
      261 |   });
        at /home/runner/work/Teach-Educa/Teach-Educa/tests/accessibility/a11y.spec.ts:258:26

    attachment #1: screenshot (image/png) ──────────────────────────────────────────────────────────
    ../test-results/accessibility-a11y-Accessi-10f74--reduced-motion-preferences-chromium-retry1/test-failed-1.png
    ────────────────────────────────────────────────────────────────────────────────────────────────

    Error Context: ../test-results/accessibility-a11y-Accessi-10f74--reduced-motion-preferences-chromium-retry1/error-context.md

    Retry #2 ───────────────────────────────────────────────────────────────────────────────────────

    Error: expect(received).toBeLessThanOrEqual(expected)

    Expected: <= 0.1
    Received:    0.2

      256 |       if (computedStyle.animationDuration !== 'none') {
      257 |         const duration = parseFloat(computedStyle.animationDuration);
    > 258 |         expect(duration).toBeLessThanOrEqual(0.1); // 100ms or less
          |                          ^
      259 |       }
      260 |     }
      261 |   });
        at /home/runner/work/Teach-Educa/Teach-Educa/tests/accessibility/a11y.spec.ts:258:26

    attachment #1: screenshot (image/png) ──────────────────────────────────────────────────────────
    ../test-results/accessibility-a11y-Accessi-10f74--reduced-motion-preferences-chromium-retry2/test-failed-1.png
    ────────────────────────────────────────────────────────────────────────────────────────────────

    Error Context: ../test-results/accessibility-a11y-Accessi-10f74--reduced-motion-preferences-chromium-retry2/error-context.md
]]>
</failure>
<system-out>
<![CDATA[
[[ATTACHMENT|test-results/accessibility-a11y-Accessi-10f74--reduced-motion-preferences-chromium/test-failed-1.png]]

[[ATTACHMENT|test-results/accessibility-a11y-Accessi-10f74--reduced-motion-preferences-chromium/error-context.md]]

[[ATTACHMENT|test-results/accessibility-a11y-Accessi-10f74--reduced-motion-preferences-chromium-retry1/test-failed-1.png]]

[[ATTACHMENT|test-results/accessibility-a11y-Accessi-10f74--reduced-motion-preferences-chromium-retry1/error-context.md]]

[[ATTACHMENT|test-results/accessibility-a11y-Accessi-10f74--reduced-motion-preferences-chromium-retry2/test-failed-1.png]]

[[ATTACHMENT|test-results/accessibility-a11y-Accessi-10f74--reduced-motion-preferences-chromium-retry2/error-context.md]]
]]>
</system-out>
</testcase>
<testcase name="Accessibility Tests › should have proper modal accessibility" classname="accessibility/a11y.spec.ts" time="1.815">
</testcase>
<testcase name="Accessibility Tests › should have accessible error messages" classname="accessibility/a11y.spec.ts" time="1.681">
</testcase>
<testcase name="Accessibility Tests › should pass axe-core accessibility audit" classname="accessibility/a11y.spec.ts" time="10.107">
<failure message="a11y.spec.ts:335:3 should pass axe-core accessibility audit" type="FAILURE">
<![CDATA[  [chromium] › accessibility/a11y.spec.ts:335:3 › Accessibility Tests › should pass axe-core accessibility audit 

    Error: expect(received).toHaveLength(expected)

    Expected length: 0
    Received length: 1
    Received array:  [{"description": "Ensure the contrast between foreground and background colors meets WCAG 2 AA minimum contrast ratio thresholds", "help": "Elements must meet minimum color contrast ratio thresholds", "helpUrl": "https://dequeuniversity.com/rules/axe/4.10/color-contrast?application=axeAPI", "id": "color-contrast", "impact": "serious", "nodes": [{"all": [], "any": [{"data": {"bgColor": "#f7f8f9", "contrastRatio": 1.86, "expectedContrastRatio": "4.5:1", "fgColor": "#b6b8bd", "fontSize": "10.5pt (14px)", "fontWeight": "normal", "messageKey": null, "shadowColor": undefined}, "id": "color-contrast", "impact": "serious", "message": "Element has insufficient color contrast of 1.86 (foreground color: #b6b8bd, background color: #f7f8f9, font size: 10.5pt (14px), font weight: normal). Expected contrast ratio of 4.5:1", "relatedNodes": [{"html": "<span data-slot=\"badge\" class=\"inline-flex items-center justify-center rounded-md border font-medium w-fit whitespace-nowrap shrink-0 [&amp;&gt;svg]:size-3 gap-1 [&amp;&gt;svg]:pointer-events-none focus-visible:border-ring focus-visible:ring-ring/50 focus-visible:ring-[3px] aria-invalid:ring-destructive/20 dark:aria-invalid:ring-destructive/40 aria-invalid:border-destructive transition-[color,box-shadow] overflow-hidden border-transparent bg-secondary text-secondary-foreground [a&amp;]:hover:bg-secondary/90 mb-6 text-sm px-4 py-1\">", "target": [".\\[a\\&\\]\\:hover\\:bg-secondary\\/90"]}]}], "failureSummary": "Fix any of the following:
      Element has insufficient color contrast of 1.86 (foreground color: #b6b8bd, background color: #f7f8f9, font size: 10.5pt (14px), font weight: normal). Expected contrast ratio of 4.5:1", "html": "<span data-slot=\"badge\" class=\"inline-flex items-center justify-center rounded-md border font-medium w-fit whitespace-nowrap shrink-0 [&amp;&gt;svg]:size-3 gap-1 [&amp;&gt;svg]:pointer-events-none focus-visible:border-ring focus-visible:ring-ring/50 focus-visible:ring-[3px] aria-invalid:ring-destructive/20 dark:aria-invalid:ring-destructive/40 aria-invalid:border-destructive transition-[color,box-shadow] overflow-hidden border-transparent bg-secondary text-secondary-foreground [a&amp;]:hover:bg-secondary/90 mb-6 text-sm px-4 py-1\">", "impact": "serious", "none": [], "target": [".\\[a\\&\\]\\:hover\\:bg-secondary\\/90"]}, {"all": [], "any": [{"data": {"bgColor": "#bac9f3", "contrastRatio": 1.64, "expectedContrastRatio": "4.5:1", "fgColor": "#ffffff", "fontSize": "13.5pt (18px)", "fontWeight": "normal", "messageKey": null, "shadowColor": undefined}, "id": "color-contrast", "impact": "serious", "message": "Element has insufficient color contrast of 1.64 (foreground color: #ffffff, background color: #bac9f3, font size: 13.5pt (18px), font weight: normal). Expected contrast ratio of 4.5:1", "relatedNodes": [{"html": "<button data-slot=\"button\" class=\"inline-flex items-center justify-center gap-2 whitespace-nowrap font-medium transition-all disabled:pointer-events-none disabled:opacity-50 [&amp;_svg]:pointer-events-none [&amp;_svg:not([class*='size-'])]:size-4 shrink-0 [&amp;_svg]:shrink-0 outline-none focus-visible:border-ring focus-visible:ring-ring/50 focus-visible:ring-[3px] aria-invalid:ring-destructive/20 dark:aria-invalid:ring-destructive/40 aria-invalid:border-destructive bg-primary text-primary-foreground shadow-xs hover:bg-primary/90 h-10 rounded-md has-[&gt;svg]:px-4 text-lg px-8 py-4 focus-enhanced\">", "target": [".bg-primary.hover\\:bg-primary\\/90.h-10"]}]}], "failureSummary": "Fix any of the following:
      Element has insufficient color contrast of 1.64 (foreground color: #ffffff, background color: #bac9f3, font size: 13.5pt (18px), font weight: normal). Expected contrast ratio of 4.5:1", "html": "<button data-slot=\"button\" class=\"inline-flex items-center justify-center gap-2 whitespace-nowrap font-medium transition-all disabled:pointer-events-none disabled:opacity-50 [&amp;_svg]:pointer-events-none [&amp;_svg:not([class*='size-'])]:size-4 shrink-0 [&amp;_svg]:shrink-0 outline-none focus-visible:border-ring focus-visible:ring-ring/50 focus-visible:ring-[3px] aria-invalid:ring-destructive/20 dark:aria-invalid:ring-destructive/40 aria-invalid:border-destructive bg-primary text-primary-foreground shadow-xs hover:bg-primary/90 h-10 rounded-md has-[&gt;svg]:px-4 text-lg px-8 py-4 focus-enhanced\">", "impact": "serious", "none": [], "target": [".bg-primary.hover\\:bg-primary\\/90.h-10"]}, {"all": [], "any": [{"data": {"bgColor": "#ffffff", "contrastRatio": 1.92, "expectedContrastRatio": "4.5:1", "fgColor": "#babbbd", "fontSize": "13.5pt (18px)", "fontWeight": "normal", "messageKey": null, "shadowColor": undefined}, "id": "color-contrast", "impact": "serious", "message": "Element has insufficient color contrast of 1.92 (foreground color: #babbbd, background color: #ffffff, font size: 13.5pt (18px), font weight: normal). Expected contrast ratio of 4.5:1", "relatedNodes": [{"html": "<button data-slot=\"button\" class=\"inline-flex items-center justify-center gap-2 whitespace-nowrap font-medium transition-all disabled:pointer-events-none disabled:opacity-50 [&amp;_svg]:pointer-events-none [&amp;_svg:not([class*='size-'])]:size-4 shrink-0 [&amp;_svg]:shrink-0 outline-none focus-visible:border-ring focus-visible:ring-ring/50 focus-visible:ring-[3px] aria-invalid:ring-destructive/20 dark:aria-invalid:ring-destructive/40 aria-invalid:border-destructive border bg-background shadow-xs hover:bg-accent hover:text-accent-foreground dark:bg-input/30 dark:border-input dark:hover:bg-input/50 h-10 rounded-md has-[&gt;svg]:px-4 text-lg px-8 py-4 focus-enhanced\">", "target": [".h-10.has-\\[\\>svg\\]\\:px-4.text-lg:nth-child(2)"]}]}], "failureSummary": "Fix any of the following:
      Element has insufficient color contrast of 1.92 (foreground color: #babbbd, background color: #ffffff, font size: 13.5pt (18px), font weight: normal). Expected contrast ratio of 4.5:1", "html": "<button data-slot=\"button\" class=\"inline-flex items-center justify-center gap-2 whitespace-nowrap font-medium transition-all disabled:pointer-events-none disabled:opacity-50 [&amp;_svg]:pointer-events-none [&amp;_svg:not([class*='size-'])]:size-4 shrink-0 [&amp;_svg]:shrink-0 outline-none focus-visible:border-ring focus-visible:ring-ring/50 focus-visible:ring-[3px] aria-invalid:ring-destructive/20 dark:aria-invalid:ring-destructive/40 aria-invalid:border-destructive border bg-background shadow-xs hover:bg-accent hover:text-accent-foreground dark:bg-input/30 dark:border-input dark:hover:bg-input/50 h-10 rounded-md has-[&gt;svg]:px-4 text-lg px-8 py-4 focus-enhanced\">", "impact": "serious", "none": [], "target": [".h-10.has-\\[\\>svg\\]\\:px-4.text-lg:nth-child(2)"]}], "tags": ["cat.color", "wcag2aa", "wcag143", "TTv5", "TT13.c", "EN-301-549", "EN-9.1.4.3", "ACT"]}]

      365 |     );
      366 |     
    > 367 |     expect(criticalViolations).toHaveLength(0);
          |                                ^
      368 |   });
      369 | });
        at /home/runner/work/Teach-Educa/Teach-Educa/tests/accessibility/a11y.spec.ts:367:32

    attachment #1: screenshot (image/png) ──────────────────────────────────────────────────────────
    ../test-results/accessibility-a11y-Accessi-7a121-xe-core-accessibility-audit-chromium/test-failed-1.png
    ────────────────────────────────────────────────────────────────────────────────────────────────

    Error Context: ../test-results/accessibility-a11y-Accessi-7a121-xe-core-accessibility-audit-chromium/error-context.md

    Retry #1 ───────────────────────────────────────────────────────────────────────────────────────

    Error: expect(received).toHaveLength(expected)

    Expected length: 0
    Received length: 1
    Received array:  [{"description": "Ensure the contrast between foreground and background colors meets WCAG 2 AA minimum contrast ratio thresholds", "help": "Elements must meet minimum color contrast ratio thresholds", "helpUrl": "https://dequeuniversity.com/rules/axe/4.10/color-contrast?application=axeAPI", "id": "color-contrast", "impact": "serious", "nodes": [{"all": [], "any": [{"data": {"bgColor": "#f8f8fa", "contrastRatio": 1.71, "expectedContrastRatio": "4.5:1", "fgColor": "#bec0c4", "fontSize": "10.5pt (14px)", "fontWeight": "normal", "messageKey": null, "shadowColor": undefined}, "id": "color-contrast", "impact": "serious", "message": "Element has insufficient color contrast of 1.71 (foreground color: #bec0c4, background color: #f8f8fa, font size: 10.5pt (14px), font weight: normal). Expected contrast ratio of 4.5:1", "relatedNodes": [{"html": "<span data-slot=\"badge\" class=\"inline-flex items-center justify-center rounded-md border font-medium w-fit whitespace-nowrap shrink-0 [&amp;&gt;svg]:size-3 gap-1 [&amp;&gt;svg]:pointer-events-none focus-visible:border-ring focus-visible:ring-ring/50 focus-visible:ring-[3px] aria-invalid:ring-destructive/20 dark:aria-invalid:ring-destructive/40 aria-invalid:border-destructive transition-[color,box-shadow] overflow-hidden border-transparent bg-secondary text-secondary-foreground [a&amp;]:hover:bg-secondary/90 mb-6 text-sm px-4 py-1\">", "target": [".\\[a\\&\\]\\:hover\\:bg-secondary\\/90"]}]}], "failureSummary": "Fix any of the following:
      Element has insufficient color contrast of 1.71 (foreground color: #bec0c4, background color: #f8f8fa, font size: 10.5pt (14px), font weight: normal). Expected contrast ratio of 4.5:1", "html": "<span data-slot=\"badge\" class=\"inline-flex items-center justify-center rounded-md border font-medium w-fit whitespace-nowrap shrink-0 [&amp;&gt;svg]:size-3 gap-1 [&amp;&gt;svg]:pointer-events-none focus-visible:border-ring focus-visible:ring-ring/50 focus-visible:ring-[3px] aria-invalid:ring-destructive/20 dark:aria-invalid:ring-destructive/40 aria-invalid:border-destructive transition-[color,box-shadow] overflow-hidden border-transparent bg-secondary text-secondary-foreground [a&amp;]:hover:bg-secondary/90 mb-6 text-sm px-4 py-1\">", "impact": "serious", "none": [], "target": [".\\[a\\&\\]\\:hover\\:bg-secondary\\/90"]}, {"all": [], "any": [{"data": {"bgColor": "#c1cef4", "contrastRatio": 1.56, "expectedContrastRatio": "4.5:1", "fgColor": "#ffffff", "fontSize": "13.5pt (18px)", "fontWeight": "normal", "messageKey": null, "shadowColor": undefined}, "id": "color-contrast", "impact": "serious", "message": "Element has insufficient color contrast of 1.56 (foreground color: #ffffff, background color: #c1cef4, font size: 13.5pt (18px), font weight: normal). Expected contrast ratio of 4.5:1", "relatedNodes": [{"html": "<button data-slot=\"button\" class=\"inline-flex items-center justify-center gap-2 whitespace-nowrap font-medium transition-all disabled:pointer-events-none disabled:opacity-50 [&amp;_svg]:pointer-events-none [&amp;_svg:not([class*='size-'])]:size-4 shrink-0 [&amp;_svg]:shrink-0 outline-none focus-visible:border-ring focus-visible:ring-ring/50 focus-visible:ring-[3px] aria-invalid:ring-destructive/20 dark:aria-invalid:ring-destructive/40 aria-invalid:border-destructive bg-primary text-primary-foreground shadow-xs hover:bg-primary/90 h-10 rounded-md has-[&gt;svg]:px-4 text-lg px-8 py-4 focus-enhanced\">", "target": [".bg-primary.hover\\:bg-primary\\/90.h-10"]}]}], "failureSummary": "Fix any of the following:
      Element has insufficient color contrast of 1.56 (foreground color: #ffffff, background color: #c1cef4, font size: 13.5pt (18px), font weight: normal). Expected contrast ratio of 4.5:1", "html": "<button data-slot=\"button\" class=\"inline-flex items-center justify-center gap-2 whitespace-nowrap font-medium transition-all disabled:pointer-events-none disabled:opacity-50 [&amp;_svg]:pointer-events-none [&amp;_svg:not([class*='size-'])]:size-4 shrink-0 [&amp;_svg]:shrink-0 outline-none focus-visible:border-ring focus-visible:ring-ring/50 focus-visible:ring-[3px] aria-invalid:ring-destructive/20 dark:aria-invalid:ring-destructive/40 aria-invalid:border-destructive bg-primary text-primary-foreground shadow-xs hover:bg-primary/90 h-10 rounded-md has-[&gt;svg]:px-4 text-lg px-8 py-4 focus-enhanced\">", "impact": "serious", "none": [], "target": [".bg-primary.hover\\:bg-primary\\/90.h-10"]}, {"all": [], "any": [{"data": {"bgColor": "#ffffff", "contrastRatio": 1.78, "expectedContrastRatio": "4.5:1", "fgColor": "#c1c2c4", "fontSize": "13.5pt (18px)", "fontWeight": "normal", "messageKey": null, "shadowColor": undefined}, "id": "color-contrast", "impact": "serious", "message": "Element has insufficient color contrast of 1.78 (foreground color: #c1c2c4, background color: #ffffff, font size: 13.5pt (18px), font weight: normal). Expected contrast ratio of 4.5:1", "relatedNodes": [{"html": "<button data-slot=\"button\" class=\"inline-flex items-center justify-center gap-2 whitespace-nowrap font-medium transition-all disabled:pointer-events-none disabled:opacity-50 [&amp;_svg]:pointer-events-none [&amp;_svg:not([class*='size-'])]:size-4 shrink-0 [&amp;_svg]:shrink-0 outline-none focus-visible:border-ring focus-visible:ring-ring/50 focus-visible:ring-[3px] aria-invalid:ring-destructive/20 dark:aria-invalid:ring-destructive/40 aria-invalid:border-destructive border bg-background shadow-xs hover:bg-accent hover:text-accent-foreground dark:bg-input/30 dark:border-input dark:hover:bg-input/50 h-10 rounded-md has-[&gt;svg]:px-4 text-lg px-8 py-4 focus-enhanced\">", "target": [".h-10.has-\\[\\>svg\\]\\:px-4.text-lg:nth-child(2)"]}]}], "failureSummary": "Fix any of the following:
      Element has insufficient color contrast of 1.78 (foreground color: #c1c2c4, background color: #ffffff, font size: 13.5pt (18px), font weight: normal). Expected contrast ratio of 4.5:1", "html": "<button data-slot=\"button\" class=\"inline-flex items-center justify-center gap-2 whitespace-nowrap font-medium transition-all disabled:pointer-events-none disabled:opacity-50 [&amp;_svg]:pointer-events-none [&amp;_svg:not([class*='size-'])]:size-4 shrink-0 [&amp;_svg]:shrink-0 outline-none focus-visible:border-ring focus-visible:ring-ring/50 focus-visible:ring-[3px] aria-invalid:ring-destructive/20 dark:aria-invalid:ring-destructive/40 aria-invalid:border-destructive border bg-background shadow-xs hover:bg-accent hover:text-accent-foreground dark:bg-input/30 dark:border-input dark:hover:bg-input/50 h-10 rounded-md has-[&gt;svg]:px-4 text-lg px-8 py-4 focus-enhanced\">", "impact": "serious", "none": [], "target": [".h-10.has-\\[\\>svg\\]\\:px-4.text-lg:nth-child(2)"]}], "tags": ["cat.color", "wcag2aa", "wcag143", "TTv5", "TT13.c", "EN-301-549", "EN-9.1.4.3", "ACT"]}]

      365 |     );
      366 |     
    > 367 |     expect(criticalViolations).toHaveLength(0);
          |                                ^
      368 |   });
      369 | });
        at /home/runner/work/Teach-Educa/Teach-Educa/tests/accessibility/a11y.spec.ts:367:32

    attachment #1: screenshot (image/png) ──────────────────────────────────────────────────────────
    ../test-results/accessibility-a11y-Accessi-7a121-xe-core-accessibility-audit-chromium-retry1/test-failed-1.png
    ────────────────────────────────────────────────────────────────────────────────────────────────

    Error Context: ../test-results/accessibility-a11y-Accessi-7a121-xe-core-accessibility-audit-chromium-retry1/error-context.md

    Retry #2 ───────────────────────────────────────────────────────────────────────────────────────

    Error: expect(received).toHaveLength(expected)

    Expected length: 0
    Received length: 1
    Received array:  [{"description": "Ensure the contrast between foreground and background colors meets WCAG 2 AA minimum contrast ratio thresholds", "help": "Elements must meet minimum color contrast ratio thresholds", "helpUrl": "https://dequeuniversity.com/rules/axe/4.10/color-contrast?application=axeAPI", "id": "color-contrast", "impact": "serious", "nodes": [{"all": [], "any": [{"data": {"bgColor": "#f8f9fa", "contrastRatio": 1.67, "expectedContrastRatio": "4.5:1", "fgColor": "#c1c3c7", "fontSize": "10.5pt (14px)", "fontWeight": "normal", "messageKey": null, "shadowColor": undefined}, "id": "color-contrast", "impact": "serious", "message": "Element has insufficient color contrast of 1.67 (foreground color: #c1c3c7, background color: #f8f9fa, font size: 10.5pt (14px), font weight: normal). Expected contrast ratio of 4.5:1", "relatedNodes": [{"html": "<span data-slot=\"badge\" class=\"inline-flex items-center justify-center rounded-md border font-medium w-fit whitespace-nowrap shrink-0 [&amp;&gt;svg]:size-3 gap-1 [&amp;&gt;svg]:pointer-events-none focus-visible:border-ring focus-visible:ring-ring/50 focus-visible:ring-[3px] aria-invalid:ring-destructive/20 dark:aria-invalid:ring-destructive/40 aria-invalid:border-destructive transition-[color,box-shadow] overflow-hidden border-transparent bg-secondary text-secondary-foreground [a&amp;]:hover:bg-secondary/90 mb-6 text-sm px-4 py-1\">", "target": [".\\[a\\&\\]\\:hover\\:bg-secondary\\/90"]}]}], "failureSummary": "Fix any of the following:
      Element has insufficient color contrast of 1.67 (foreground color: #c1c3c7, background color: #f8f9fa, font size: 10.5pt (14px), font weight: normal). Expected contrast ratio of 4.5:1", "html": "<span data-slot=\"badge\" class=\"inline-flex items-center justify-center rounded-md border font-medium w-fit whitespace-nowrap shrink-0 [&amp;&gt;svg]:size-3 gap-1 [&amp;&gt;svg]:pointer-events-none focus-visible:border-ring focus-visible:ring-ring/50 focus-visible:ring-[3px] aria-invalid:ring-destructive/20 dark:aria-invalid:ring-destructive/40 aria-invalid:border-destructive transition-[color,box-shadow] overflow-hidden border-transparent bg-secondary text-secondary-foreground [a&amp;]:hover:bg-secondary/90 mb-6 text-sm px-4 py-1\">", "impact": "serious", "none": [], "target": [".\\[a\\&\\]\\:hover\\:bg-secondary\\/90"]}, {"all": [], "any": [{"data": {"bgColor": "#c4d1f5", "contrastRatio": 1.52, "expectedContrastRatio": "4.5:1", "fgColor": "#ffffff", "fontSize": "13.5pt (18px)", "fontWeight": "normal", "messageKey": null, "shadowColor": undefined}, "id": "color-contrast", "impact": "serious", "message": "Element has insufficient color contrast of 1.52 (foreground color: #ffffff, background color: #c4d1f5, font size: 13.5pt (18px), font weight: normal). Expected contrast ratio of 4.5:1", "relatedNodes": [{"html": "<button data-slot=\"button\" class=\"inline-flex items-center justify-center gap-2 whitespace-nowrap font-medium transition-all disabled:pointer-events-none disabled:opacity-50 [&amp;_svg]:pointer-events-none [&amp;_svg:not([class*='size-'])]:size-4 shrink-0 [&amp;_svg]:shrink-0 outline-none focus-visible:border-ring focus-visible:ring-ring/50 focus-visible:ring-[3px] aria-invalid:ring-destructive/20 dark:aria-invalid:ring-destructive/40 aria-invalid:border-destructive bg-primary text-primary-foreground shadow-xs hover:bg-primary/90 h-10 rounded-md has-[&gt;svg]:px-4 text-lg px-8 py-4 focus-enhanced\">", "target": [".bg-primary.hover\\:bg-primary\\/90.h-10"]}]}], "failureSummary": "Fix any of the following:
      Element has insufficient color contrast of 1.52 (foreground color: #ffffff, background color: #c4d1f5, font size: 13.5pt (18px), font weight: normal). Expected contrast ratio of 4.5:1", "html": "<button data-slot=\"button\" class=\"inline-flex items-center justify-center gap-2 whitespace-nowrap font-medium transition-all disabled:pointer-events-none disabled:opacity-50 [&amp;_svg]:pointer-events-none [&amp;_svg:not([class*='size-'])]:size-4 shrink-0 [&amp;_svg]:shrink-0 outline-none focus-visible:border-ring focus-visible:ring-ring/50 focus-visible:ring-[3px] aria-invalid:ring-destructive/20 dark:aria-invalid:ring-destructive/40 aria-invalid:border-destructive bg-primary text-primary-foreground shadow-xs hover:bg-primary/90 h-10 rounded-md has-[&gt;svg]:px-4 text-lg px-8 py-4 focus-enhanced\">", "impact": "serious", "none": [], "target": [".bg-primary.hover\\:bg-primary\\/90.h-10"]}, {"all": [], "any": [{"data": {"bgColor": "#ffffff", "contrastRatio": 1.71, "expectedContrastRatio": "4.5:1", "fgColor": "#c5c6c7", "fontSize": "13.5pt (18px)", "fontWeight": "normal", "messageKey": null, "shadowColor": undefined}, "id": "color-contrast", "impact": "serious", "message": "Element has insufficient color contrast of 1.71 (foreground color: #c5c6c7, background color: #ffffff, font size: 13.5pt (18px), font weight: normal). Expected contrast ratio of 4.5:1", "relatedNodes": [{"html": "<button data-slot=\"button\" class=\"inline-flex items-center justify-center gap-2 whitespace-nowrap font-medium transition-all disabled:pointer-events-none disabled:opacity-50 [&amp;_svg]:pointer-events-none [&amp;_svg:not([class*='size-'])]:size-4 shrink-0 [&amp;_svg]:shrink-0 outline-none focus-visible:border-ring focus-visible:ring-ring/50 focus-visible:ring-[3px] aria-invalid:ring-destructive/20 dark:aria-invalid:ring-destructive/40 aria-invalid:border-destructive border bg-background shadow-xs hover:bg-accent hover:text-accent-foreground dark:bg-input/30 dark:border-input dark:hover:bg-input/50 h-10 rounded-md has-[&gt;svg]:px-4 text-lg px-8 py-4 focus-enhanced\">", "target": [".h-10.has-\\[\\>svg\\]\\:px-4.text-lg:nth-child(2)"]}]}], "failureSummary": "Fix any of the following:
      Element has insufficient color contrast of 1.71 (foreground color: #c5c6c7, background color: #ffffff, font size: 13.5pt (18px), font weight: normal). Expected contrast ratio of 4.5:1", "html": "<button data-slot=\"button\" class=\"inline-flex items-center justify-center gap-2 whitespace-nowrap font-medium transition-all disabled:pointer-events-none disabled:opacity-50 [&amp;_svg]:pointer-events-none [&amp;_svg:not([class*='size-'])]:size-4 shrink-0 [&amp;_svg]:shrink-0 outline-none focus-visible:border-ring focus-visible:ring-ring/50 focus-visible:ring-[3px] aria-invalid:ring-destructive/20 dark:aria-invalid:ring-destructive/40 aria-invalid:border-destructive border bg-background shadow-xs hover:bg-accent hover:text-accent-foreground dark:bg-input/30 dark:border-input dark:hover:bg-input/50 h-10 rounded-md has-[&gt;svg]:px-4 text-lg px-8 py-4 focus-enhanced\">", "impact": "serious", "none": [], "target": [".h-10.has-\\[\\>svg\\]\\:px-4.text-lg:nth-child(2)"]}], "tags": ["cat.color", "wcag2aa", "wcag143", "TTv5", "TT13.c", "EN-301-549", "EN-9.1.4.3", "ACT"]}]

      365 |     );
      366 |     
    > 367 |     expect(criticalViolations).toHaveLength(0);
          |                                ^
      368 |   });
      369 | });
        at /home/runner/work/Teach-Educa/Teach-Educa/tests/accessibility/a11y.spec.ts:367:32

    attachment #1: screenshot (image/png) ──────────────────────────────────────────────────────────
    ../test-results/accessibility-a11y-Accessi-7a121-xe-core-accessibility-audit-chromium-retry2/test-failed-1.png
    ────────────────────────────────────────────────────────────────────────────────────────────────

    Error Context: ../test-results/accessibility-a11y-Accessi-7a121-xe-core-accessibility-audit-chromium-retry2/error-context.md
]]>
</failure>
<system-out>
<![CDATA[Accessibility violations found: [
  {
    id: [32m'color-contrast'[39m,
    impact: [32m'serious'[39m,
    tags: [
      [32m'cat.color'[39m,
      [32m'wcag2aa'[39m,
      [32m'wcag143'[39m,
      [32m'TTv5'[39m,
      [32m'TT13.c'[39m,
      [32m'EN-301-549'[39m,
      [32m'EN-9.1.4.3'[39m,
      [32m'ACT'[39m
    ],
    description: [32m'Ensure the contrast between foreground and background colors meets WCAG 2 AA minimum contrast ratio thresholds'[39m,
    help: [32m'Elements must meet minimum color contrast ratio thresholds'[39m,
    helpUrl: [32m'https://dequeuniversity.com/rules/axe/4.10/color-contrast?application=axeAPI'[39m,
    nodes: [ [36m[Object][39m, [36m[Object][39m, [36m[Object][39m ]
  }
]

[[ATTACHMENT|test-results/accessibility-a11y-Accessi-7a121-xe-core-accessibility-audit-chromium/test-failed-1.png]]

[[ATTACHMENT|test-results/accessibility-a11y-Accessi-7a121-xe-core-accessibility-audit-chromium/error-context.md]]
Accessibility violations found: [
  {
    id: [32m'color-contrast'[39m,
    impact: [32m'serious'[39m,
    tags: [
      [32m'cat.color'[39m,
      [32m'wcag2aa'[39m,
      [32m'wcag143'[39m,
      [32m'TTv5'[39m,
      [32m'TT13.c'[39m,
      [32m'EN-301-549'[39m,
      [32m'EN-9.1.4.3'[39m,
      [32m'ACT'[39m
    ],
    description: [32m'Ensure the contrast between foreground and background colors meets WCAG 2 AA minimum contrast ratio thresholds'[39m,
    help: [32m'Elements must meet minimum color contrast ratio thresholds'[39m,
    helpUrl: [32m'https://dequeuniversity.com/rules/axe/4.10/color-contrast?application=axeAPI'[39m,
    nodes: [ [36m[Object][39m, [36m[Object][39m, [36m[Object][39m ]
  }
]

[[ATTACHMENT|test-results/accessibility-a11y-Accessi-7a121-xe-core-accessibility-audit-chromium-retry1/test-failed-1.png]]

[[ATTACHMENT|test-results/accessibility-a11y-Accessi-7a121-xe-core-accessibility-audit-chromium-retry1/error-context.md]]
Accessibility violations found: [
  {
    id: [32m'color-contrast'[39m,
    impact: [32m'serious'[39m,
    tags: [
      [32m'cat.color'[39m,
      [32m'wcag2aa'[39m,
      [32m'wcag143'[39m,
      [32m'TTv5'[39m,
      [32m'TT13.c'[39m,
      [32m'EN-301-549'[39m,
      [32m'EN-9.1.4.3'[39m,
      [32m'ACT'[39m
    ],
    description: [32m'Ensure the contrast between foreground and background colors meets WCAG 2 AA minimum contrast ratio thresholds'[39m,
    help: [32m'Elements must meet minimum color contrast ratio thresholds'[39m,
    helpUrl: [32m'https://dequeuniversity.com/rules/axe/4.10/color-contrast?application=axeAPI'[39m,
    nodes: [ [36m[Object][39m, [36m[Object][39m, [36m[Object][39m ]
  }
]

[[ATTACHMENT|test-results/accessibility-a11y-Accessi-7a121-xe-core-accessibility-audit-chromium-retry2/test-failed-1.png]]

[[ATTACHMENT|test-results/accessibility-a11y-Accessi-7a121-xe-core-accessibility-audit-chromium-retry2/error-context.md]]
]]>
</system-out>
</testcase>
</testsuite>
<testsuite name="accessibility-score-check.spec.ts" timestamp="2025-08-28T10:19:46.654Z" hostname="chromium" tests="1" failures="0" skipped="0" time="2.966" errors="0">
<testcase name="Lighthouse Accessibility Score Check › Check current accessibility score" classname="accessibility-score-check.spec.ts" time="2.966">
<system-out>
<![CDATA[
🔍 Checking current accessibility score with Lighthouse

📊 Accessibility Audit Results:
✅ Tests passed: 34
❌ Violations found: 0
🎯 Approximate accessibility score: 100/100

🎯 TARGET: Accessibility score of 100
📈 CURRENT: Accessibility score of 100
🔧 REMAINING: 0 violations to fix
]]>
</system-out>
</testcase>
</testsuite>
</testsuites>